---
source: match3/src/tests.rs
expression: "visualize_snapshot(name, board, matches, false)"
---
Horizontal Line
Board: 
╭───╮
│rrr│
╰───╯
Match #0:
╭───╮
│rrr│
╰───╯
Remaining cells:
╭───╮
│   │
╰───╯
