---
source: match3/src/tests.rs
expression: "variants[0].1"
---
Should match groups in a middle of a line
Board: 
╭─────╮
│grrrb│
╰─────╯
Match #0:
╭─────╮
│ rrr │
╰─────╯
Remaining cells:
╭─────╮
│g   b│
╰─────╯
