---
source: match3/src/tests.rs
expression: "variants[0].1"
---
Should match vertical line
Board: 
╭─╮
│r│
│r│
│r│
╰─╯
Match #0:
╭─╮
│r│
│r│
│r│
╰─╯
Remaining cells:
╭─╮
│ │
│ │
│ │
╰─╯
