---
source: match3/src/tests.rs
expression: "visualize_snapshot(name, board, matches, false)"
---
Should not match an empty board
Board: 
╭─────╮
│-----│
│-----│
│-----│
│-----│
│-----│
╰─────╯
No matches
