---
source: match3/src/tests.rs
expression: "visualize_snapshot(name, board, matches, false)"
---
Should not mix different types
Board: 
╭────╮
│rrgg│
╰────╯
No matches
