---
source: match3/src/tests.rs
expression: "variants[0].1"
---
Should combine neighboring groups when merge_neighbours=true
Board: 
╭─────╮
│rrr--│
│--rrr│
╰─────╯
Match #0:
╭─────╮
│rrr  │
│  rrr│
╰─────╯
Remaining cells:
╭─────╮
│   --│
│--   │
╰─────╯
