---
source: match3/src/tests.rs
expression: "visualize_snapshot(name, board, matches, false)"
---
Should match valid vertical while not matching invalid horizontal
Board: 
╭───╮
│rr-│
│r--│
│r--│
╰───╯
Match #0:
╭───╮
│r  │
│r  │
│r  │
╰───╯
Remaining cells:
╭───╮
│ r-│
│ --│
│ --│
╰───╯
