---
source: match3/src/tests.rs
expression: "visualize_snapshot(name, board, matches, false)"
---
Should not incomplete vertical line
Board: 
╭─╮
│r│
│r│
│-│
╰─╯
No matches
