---
source: match3/src/tests.rs
expression: "visualize_snapshot(name, board, matches, false)"
---
Should not combine neighboring groups when merge_neighbours=false
Board: 
╭─────╮
│rrr--│
│--rrr│
╰─────╯
Match #0:
╭─────╮
│rrr  │
│     │
╰─────╯
Match #1:
╭─────╮
│     │
│  rrr│
╰─────╯
Remaining cells:
╭─────╮
│   --│
│--   │
╰─────╯
