---
source: match3/src/tests.rs
expression: "variants[0].1"
---
Should match horizontal line
Board: 
╭───╮
│rrr│
╰───╯
Match #0 - r:
╭───╮
│rrr│
╰───╯
Remaining cells:
╭───╮
│   │
╰───╯
