---
source: match3/src/tests.rs
expression: "variants[0].1"
---
Should not match incomplete horizontal line
Board: 
╭───╮
│rr-│
╰───╯
No matches
