---
source: match3/src/tests.rs
expression: "variants[0].1"
---
Should match valid vertical while not matching invalid horizontal
Board: 
╭───╮
│rr-│
│r--│
│r--│
╰───╯
Match #0 - r:
╭───╮
│r  │
│r  │
│r  │
╰───╯
Remaining cells:
╭───╮
│ r-│
│ --│
│ --│
╰───╯
