---
source: match3/src/tests.rs
expression: "variants[0].1"
---
Should match valid horizontal while not matching invalid vertical
Board: 
╭───╮
│rrr│
│r--│
│---│
╰───╯
Match #0:
╭───╮
│rrr│
│   │
│   │
╰───╯
Remaining cells:
╭───╮
│   │
│r--│
│---│
╰───╯
