---
source: match3/src/tests.rs
expression: "variants[0].1"
---
Should not match an empty board
Board: 
╭─────╮
│-----│
│-----│
│-----│
│-----│
│-----│
╰─────╯
No matches
